// Jest Snapshot v1, https://goo.gl/fbAQLP

exports[`Background renders correctly 1`] = `
<div
  className="sc-AxjAm hKnwWV"
  id="tsparticles"
>
  <canvas
    style={
      Object {
        "height": "100%",
        "width": "100%",
      }
    }
  />
</div>
`;
