// Jest Snapshot v1, https://goo.gl/fbAQLP

exports[`Header renders correctly 1`] = `
<h1
  className="sc-AxjAm ekUCH"
>
  Mars Rover
</h1>
`;
