// Jest Snapshot v1, https://goo.gl/fbAQLP

exports[`MessageBox renders correctly 1`] = `
<div
  className="sc-AxheI bmgaba"
>
  test
</div>
`;
